// Jest Snapshot v1, https://goo.gl/fbAQLP

exports[`Pruebas en <AddCategory/> debe de mostrarse correctamente 1`] = `
<Fragment>
  <form
    onSubmit={[Function]}
  >
    <input
      onChange={[Function]}
      type="text"
      value=""
    />
  </form>
  <button
    onClick={[Function]}
  >
    agrega
  </button>
</Fragment>
`;
