// Jest Snapshot v1, https://goo.gl/fbAQLP

exports[`Pruebas en <GifGridItem/> debe de mostrar <GifGridItem/> correctamente 1`] = `
<div
  className="card"
>
  <img />
  <p />
</div>
`;
